../Core/Src/oled.c:49:6:OLED_Send	24	static
../Core/Src/oled.c:57:6:OLED_SendCmd	16	static
../Core/Src/oled.c:70:6:OLED_Init	8	static
../Core/Src/oled.c:125:6:OLED_DisPlay_On	8	static
../Core/Src/oled.c:135:6:OLED_DisPlay_Off	8	static
../Core/Src/oled.c:141:6:menu	16	static
../Core/Src/oled.c:195:6:menu1	16	static
../Core/Src/oled.c:261:6:OLED_SetColorMode	16	static
../Core/Src/oled.c:278:6:OLED_NewFrame	8	static
../Core/Src/oled.c:287:6:OLED_ShowFrame	16	static
../Core/Src/oled.c:307:6:OLED_SetPixel	16	static
../Core/Src/oled.c:333:6:OLED_SetByte_Fine	16	static
../Core/Src/oled.c:359:6:OLED_SetByte	16	static
../Core/Src/oled.c:379:6:OLED_SetBits_Fine	40	static
../Core/Src/oled.c:407:6:OLED_SetBits	40	static
../Core/Src/oled.c:429:6:OLED_SetBlock	40	static
../Core/Src/oled.c:469:6:OLED_DrawLine	40	static
../Core/Src/oled.c:545:6:OLED_DrawRectangle	32	static
../Core/Src/oled.c:561:6:OLED_DrawFilledRectangle	40	static
../Core/Src/oled.c:579:6:OLED_DrawTriangle	32	static
../Core/Src/oled.c:596:6:OLED_DrawFilledTriangle	40	static
../Core/Src/oled.c:636:6:OLED_DrawCircle	32	static
../Core/Src/oled.c:672:6:OLED_DrawFilledCircle	40	static
../Core/Src/oled.c:707:6:OLED_DrawEllipse	56	static
../Core/Src/oled.c:756:6:OLED_DrawImage	32	static
../Core/Src/oled.c:771:6:OLED_PrintASCIIChar	32	static
../Core/Src/oled.c:784:6:OLED_PrintASCIIString	40	static
../Core/Src/oled.c:798:9:_OLED_GetUTF8Len	16	static
../Core/Src/oled.c:843:6:OLED_PrintString	56	static
